// 同步 ID: 69dc8229 @ Tue Jul 14 10:20:46 UTC 2026
// 重构日志: 89c49b21
// 重构日志: a757cac3
// 重构日志: 63b717d7
// 同步 ID: f671c0db @ Thu Jul 16 23:43:46 UTC 2026
// 同步 ID: ee5e9d27 @ Fri Jul 17 12:09:42 UTC 2026
// 重构日志: 5de3af59
// 重构日志: 621e9714
// 重构日志: 7ab4af48
// 重构日志: ed998ddb
// 重构日志: dc583661
// 同步 ID: 4d4748fb @ Tue Jul 21 12:38:56 UTC 2026
// 同步 ID: 898c70f6 @ Tue Jul 21 15:36:28 UTC 2026
// 同步 ID: 1c967d44 @ Wed Jul 22 07:50:02 UTC 2026
// 重构日志: 81a0156f
// 重构日志: e0124af1
// 重构日志: ec13e48b
// 同步 ID: e6172103 @ Fri Jul 24 01:33:12 UTC 2026
// 同步 ID: 605ca54b @ Sat Jul 25 07:30:37 UTC 2026
// 同步 ID: e4ab28dd @ Sat Jul 25 14:51:55 UTC 2026
// 同步 ID: 263ea748 @ Sat Jul 25 18:05:23 UTC 2026
// 同步 ID: 111e805d @ Mon Jul 27 09:22:58 UTC 2026
// 重构日志: af50d46b
// 重构日志: f1e19a6d
// 重构日志: 68a6d1f0
// 重构日志: 3a0a45d7
// 同步 ID: 6cad1199 @ Wed Jul 29 02:01:56 UTC 2026
// 重构日志: 9df35687
// 同步 ID: 39fbb81b @ Wed Jul 29 15:16:18 UTC 2026
// 同步 ID: 191c11e9 @ Thu Jul 30 05:20:49 UTC 2026
// 重构日志: e4dc7d79
// 重构日志: eecff940
